[     241ms] Error: Minified React error #418; visit https://reactjs.org/docs/error-decoder.html?invariant=418 for the full message or use the non-minified dev environment for full errors and additional helpful warnings.
    at lh (https://reonic.com/_next/static/chunks/framework-8d6e763b9ad06e85.js:1:46551)
    at i (https://reonic.com/_next/static/chunks/framework-8d6e763b9ad06e85.js:1:121062)
    at oF (https://reonic.com/_next/static/chunks/framework-8d6e763b9ad06e85.js:1:99046)
    at oM (https://reonic.com/_next/static/chunks/framework-8d6e763b9ad06e85.js:1:98916)
    at ow (https://reonic.com/_next/static/chunks/framework-8d6e763b9ad06e85.js:1:93989)
    at x (https://reonic.com/_next/static/chunks/framework-8d6e763b9ad06e85.js:1:130837)
    at MessagePort.T (https://reonic.com/_next/static/chunks/framework-8d6e763b9ad06e85.js:1:131367)
[     241ms] Error: Minified React error #418; visit https://reactjs.org/docs/error-decoder.html?invariant=418 for the full message or use the non-minified dev environment for full errors and additional helpful warnings.
    at lh (https://reonic.com/_next/static/chunks/framework-8d6e763b9ad06e85.js:1:46551)
    at i (https://reonic.com/_next/static/chunks/framework-8d6e763b9ad06e85.js:1:121062)
    at oF (https://reonic.com/_next/static/chunks/framework-8d6e763b9ad06e85.js:1:99046)
    at oM (https://reonic.com/_next/static/chunks/framework-8d6e763b9ad06e85.js:1:98916)
    at ow (https://reonic.com/_next/static/chunks/framework-8d6e763b9ad06e85.js:1:93989)
    at x (https://reonic.com/_next/static/chunks/framework-8d6e763b9ad06e85.js:1:130837)
    at MessagePort.T (https://reonic.com/_next/static/chunks/framework-8d6e763b9ad06e85.js:1:131367)
[     241ms] Error: Minified React error #418; visit https://reactjs.org/docs/error-decoder.html?invariant=418 for the full message or use the non-minified dev environment for full errors and additional helpful warnings.
    at lh (https://reonic.com/_next/static/chunks/framework-8d6e763b9ad06e85.js:1:46551)
    at i (https://reonic.com/_next/static/chunks/framework-8d6e763b9ad06e85.js:1:121062)
    at oF (https://reonic.com/_next/static/chunks/framework-8d6e763b9ad06e85.js:1:99046)
    at oM (https://reonic.com/_next/static/chunks/framework-8d6e763b9ad06e85.js:1:98916)
    at ow (https://reonic.com/_next/static/chunks/framework-8d6e763b9ad06e85.js:1:93989)
    at x (https://reonic.com/_next/static/chunks/framework-8d6e763b9ad06e85.js:1:130837)
    at MessagePort.T (https://reonic.com/_next/static/chunks/framework-8d6e763b9ad06e85.js:1:131367)
[     241ms] Error: Minified React error #418; visit https://reactjs.org/docs/error-decoder.html?invariant=418 for the full message or use the non-minified dev environment for full errors and additional helpful warnings.
    at lh (https://reonic.com/_next/static/chunks/framework-8d6e763b9ad06e85.js:1:46551)
    at i (https://reonic.com/_next/static/chunks/framework-8d6e763b9ad06e85.js:1:121062)
    at oF (https://reonic.com/_next/static/chunks/framework-8d6e763b9ad06e85.js:1:99046)
    at oM (https://reonic.com/_next/static/chunks/framework-8d6e763b9ad06e85.js:1:98916)
    at ow (https://reonic.com/_next/static/chunks/framework-8d6e763b9ad06e85.js:1:93989)
    at x (https://reonic.com/_next/static/chunks/framework-8d6e763b9ad06e85.js:1:130837)
    at MessagePort.T (https://reonic.com/_next/static/chunks/framework-8d6e763b9ad06e85.js:1:131367)
[     241ms] Error: Minified React error #418; visit https://reactjs.org/docs/error-decoder.html?invariant=418 for the full message or use the non-minified dev environment for full errors and additional helpful warnings.
    at lh (https://reonic.com/_next/static/chunks/framework-8d6e763b9ad06e85.js:1:46551)
    at i (https://reonic.com/_next/static/chunks/framework-8d6e763b9ad06e85.js:1:121062)
    at oF (https://reonic.com/_next/static/chunks/framework-8d6e763b9ad06e85.js:1:99046)
    at oM (https://reonic.com/_next/static/chunks/framework-8d6e763b9ad06e85.js:1:98916)
    at ow (https://reonic.com/_next/static/chunks/framework-8d6e763b9ad06e85.js:1:93989)
    at x (https://reonic.com/_next/static/chunks/framework-8d6e763b9ad06e85.js:1:130837)
    at MessagePort.T (https://reonic.com/_next/static/chunks/framework-8d6e763b9ad06e85.js:1:131367)
[     241ms] Error: Minified React error #423; visit https://reactjs.org/docs/error-decoder.html?invariant=423 for the full message or use the non-minified dev environment for full errors and additional helpful warnings.
    at i (https://reonic.com/_next/static/chunks/framework-8d6e763b9ad06e85.js:1:120721)
    at oF (https://reonic.com/_next/static/chunks/framework-8d6e763b9ad06e85.js:1:99046)
    at oM (https://reonic.com/_next/static/chunks/framework-8d6e763b9ad06e85.js:1:98916)
    at oS (https://reonic.com/_next/static/chunks/framework-8d6e763b9ad06e85.js:1:95687)
    at ow (https://reonic.com/_next/static/chunks/framework-8d6e763b9ad06e85.js:1:94242)
    at x (https://reonic.com/_next/static/chunks/framework-8d6e763b9ad06e85.js:1:130837)
    at MessagePort.T (https://reonic.com/_next/static/chunks/framework-8d6e763b9ad06e85.js:1:131367)
[     317ms] [WARNING] Set suggested locale ES-ES @ https://reonic.com/_next/static/chunks/751-01bf663d2417cfb2.js:0
[    1330ms] [ERROR] Failed to load resource: the server responded with a status of 404 () @ https://reonic.com/favicon.ico:0
[   10225ms] [LOG] Download the Apollo DevTools for a better development experience: %s https://chrome.google.com/webstore/detail/apollo-client-developer-t/jdkknkkbebbapilgoeccciglkfbmbnfm @ https://reonic.com/_next/static/chunks/pages/_app-387b9b07cc30b441.js:0
